[debug] [2026-08-24T19:39:09.261Z] ----------------------------------------------------------------------
[debug] [2026-08-24T19:39:09.262Z] Command:       /opt/homebrew/Cellar/node/26.7.0/bin/node /Users/steve/.npm/_npx/ba4f1959e38407b5/node_modules/.bin/firebase deploy --only functions --project totally-vocally
[debug] [2026-08-24T19:39:09.262Z] CLI Version:   15.28.1
[debug] [2026-08-24T19:39:09.262Z] Platform:      darwin
[debug] [2026-08-24T19:39:09.262Z] Node Version:  v26.7.0
[debug] [2026-08-24T19:39:09.263Z] Detected Agent: codex_cli
[debug] [2026-08-24T19:39:09.263Z] Time:          Mon Aug 24 2026 20:39:09 GMT+0100 (British Summer Time)
[debug] [2026-08-24T19:39:09.263Z] ----------------------------------------------------------------------
[debug] 
[debug] [2026-08-24T19:39:09.761Z] > command requires scopes: ["email","openid","https://www.googleapis.com/auth/cloudplatformprojects.readonly","https://www.googleapis.com/auth/firebase","https://www.googleapis.com/auth/cloud-platform"]
[debug] [2026-08-24T19:39:09.761Z] > authorizing via signed-in user (stemurdock@gmail.com)
[debug] [2026-08-24T19:39:09.761Z] [iam] checking project totally-vocally for permissions ["cloudfunctions.functions.create","cloudfunctions.functions.delete","cloudfunctions.functions.get","cloudfunctions.functions.list","cloudfunctions.functions.update","cloudfunctions.operations.get","firebase.projects.get"]
[debug] [2026-08-24T19:39:09.766Z] Checked if tokens are valid: true, expires at: 1787601769678
[debug] [2026-08-24T19:39:09.766Z] Checked if tokens are valid: true, expires at: 1787601769678
[debug] [2026-08-24T19:39:09.766Z] >>> [apiv2][query] POST https://cloudresourcemanager.googleapis.com/v1/projects/totally-vocally:testIamPermissions [none]
[debug] [2026-08-24T19:39:09.766Z] >>> [apiv2][(partial)header] POST https://cloudresourcemanager.googleapis.com/v1/projects/totally-vocally:testIamPermissions  x-goog-user-project=totally-vocally
[debug] [2026-08-24T19:39:09.766Z] >>> [apiv2][body] POST https://cloudresourcemanager.googleapis.com/v1/projects/totally-vocally:testIamPermissions {"permissions":["cloudfunctions.functions.create","cloudfunctions.functions.delete","cloudfunctions.functions.get","cloudfunctions.functions.list","cloudfunctions.functions.update","cloudfunctions.operations.get","firebase.projects.get"]}
[debug] [2026-08-24T19:39:09.968Z] <<< [apiv2][status] POST https://cloudresourcemanager.googleapis.com/v1/projects/totally-vocally:testIamPermissions 200
[debug] [2026-08-24T19:39:09.969Z] <<< [apiv2][body] POST https://cloudresourcemanager.googleapis.com/v1/projects/totally-vocally:testIamPermissions {"permissions":["cloudfunctions.functions.create","cloudfunctions.functions.delete","cloudfunctions.functions.get","cloudfunctions.functions.list","cloudfunctions.functions.update","cloudfunctions.operations.get","firebase.projects.get"]}
[debug] [2026-08-24T19:39:09.969Z] Checked if tokens are valid: true, expires at: 1787601769678
[debug] [2026-08-24T19:39:09.969Z] Checked if tokens are valid: true, expires at: 1787601769678
[debug] [2026-08-24T19:39:09.969Z] >>> [apiv2][query] POST https://iam.googleapis.com/v1/projects/totally-vocally/serviceAccounts/totally-vocally@appspot.gserviceaccount.com:testIamPermissions [none]
[debug] [2026-08-24T19:39:09.969Z] >>> [apiv2][body] POST https://iam.googleapis.com/v1/projects/totally-vocally/serviceAccounts/totally-vocally@appspot.gserviceaccount.com:testIamPermissions {"permissions":["iam.serviceAccounts.actAs"]}
[debug] [2026-08-24T19:39:10.765Z] <<< [apiv2][status] POST https://iam.googleapis.com/v1/projects/totally-vocally/serviceAccounts/totally-vocally@appspot.gserviceaccount.com:testIamPermissions 200
[debug] [2026-08-24T19:39:10.765Z] <<< [apiv2][body] POST https://iam.googleapis.com/v1/projects/totally-vocally/serviceAccounts/totally-vocally@appspot.gserviceaccount.com:testIamPermissions {"permissions":["iam.serviceAccounts.actAs"]}
[info] 
[info] === Deploying to 'totally-vocally'...
[info] 
[info] i  deploying functions 
[debug] [2026-08-24T19:39:10.769Z] Checked if tokens are valid: true, expires at: 1787601769678
[debug] [2026-08-24T19:39:10.769Z] Checked if tokens are valid: true, expires at: 1787601769678
[debug] [2026-08-24T19:39:10.769Z] >>> [apiv2][query] GET https://cloudresourcemanager.googleapis.com/v1/projects/totally-vocally [none]
[debug] [2026-08-24T19:39:10.964Z] <<< [apiv2][status] GET https://cloudresourcemanager.googleapis.com/v1/projects/totally-vocally 200
[debug] [2026-08-24T19:39:10.965Z] <<< [apiv2][body] GET https://cloudresourcemanager.googleapis.com/v1/projects/totally-vocally {"projectNumber":"799908064012","projectId":"totally-vocally","lifecycleState":"ACTIVE","name":"TotallyVocallyApp","labels":{"firebase":"enabled","firebase-core":"disabled"},"createTime":"2026-08-16T06:37:14.683Z"}
[info] i  functions: preparing codebase default for deployment 
[info] i  functions: ensuring required API cloudfunctions.googleapis.com is enabled... 
[info] i  functions: ensuring required API cloudbuild.googleapis.com is enabled... 
[info] i  artifactregistry: ensuring required API artifactregistry.googleapis.com is enabled... 
[debug] [2026-08-24T19:39:10.966Z] Checked if tokens are valid: true, expires at: 1787601769678
[debug] [2026-08-24T19:39:10.966Z] Checked if tokens are valid: true, expires at: 1787601769678
[debug] [2026-08-24T19:39:10.966Z] >>> [apiv2][query] GET https://firebase.googleapis.com/v1beta1/projects/totally-vocally/adminSdkConfig [none]
[debug] [2026-08-24T19:39:12.403Z] <<< [apiv2][status] GET https://firebase.googleapis.com/v1beta1/projects/totally-vocally/adminSdkConfig 200
[debug] [2026-08-24T19:39:12.403Z] <<< [apiv2][body] GET https://firebase.googleapis.com/v1beta1/projects/totally-vocally/adminSdkConfig {"projectId":"totally-vocally","storageBucket":"totally-vocally.firebasestorage.app"}
[debug] [2026-08-24T19:39:12.404Z] Checked if tokens are valid: true, expires at: 1787601769678
[debug] [2026-08-24T19:39:12.404Z] Checked if tokens are valid: true, expires at: 1787601769678
[debug] [2026-08-24T19:39:12.404Z] >>> [apiv2][query] GET https://runtimeconfig.googleapis.com/v1beta1/projects/totally-vocally/configs [none]
[debug] [2026-08-24T19:39:12.914Z] <<< [apiv2][status] GET https://runtimeconfig.googleapis.com/v1beta1/projects/totally-vocally/configs 200
[debug] [2026-08-24T19:39:12.915Z] <<< [apiv2][body] GET https://runtimeconfig.googleapis.com/v1beta1/projects/totally-vocally/configs {}
[debug] [2026-08-24T19:39:12.916Z] Validating nodejs source
[warn] ⚠  functions: Runtime Node.js 20 was deprecated on 2026-04-30 and will be decommissioned on 2026-10-30, after which you will not be able to deploy without upgrading. Consider upgrading now to avoid disruption. See https://cloud.google.com/functions/docs/runtime-support for full details on the lifecycle policy 
[debug] [2026-08-24T19:39:13.169Z] > [functions] package.json contents: {
  "name": "totally-vocally-functions",
  "private": true,
  "engines": {
    "node": "20"
  },
  "main": "index.js",
  "dependencies": {
    "firebase-admin": "^14.3.0",
    "firebase-functions": "^7.3.2"
  }
}
[debug] [2026-08-24T19:39:13.169Z] Building nodejs source
[info] i  functions: Loading and analyzing source code for codebase default to determine what to deploy 
[debug] [2026-08-24T19:39:13.169Z] Could not find functions.yaml. Must use http discovery
[debug] [2026-08-24T19:39:13.174Z] Found firebase-functions binary at '/Users/steve/Desktop/totally-vocally/functions/node_modules/.bin/firebase-functions'
[info] Serving at port 8218

[debug] [2026-08-24T19:39:13.383Z] Got response from /__/functions.yaml {"endpoints":{"setMemberAccess":{"availableMemoryMb":null,"timeoutSeconds":null,"minInstances":null,"maxInstances":5,"ingressSettings":null,"concurrency":null,"serviceAccountEmail":null,"vpc":null,"platform":"gcfv2","region":["europe-west2"],"labels":{},"callableTrigger":{},"entryPoint":"setMemberAccess"}},"specVersion":"v1alpha1","requiredAPIs":[],"extensions":{}}
[debug] [2026-08-24T19:39:16.405Z] Checked if tokens are valid: true, expires at: 1787601769678
[debug] [2026-08-24T19:39:16.405Z] Checked if tokens are valid: true, expires at: 1787601769678
[debug] [2026-08-24T19:39:16.406Z] >>> [apiv2][query] GET https://cloudfunctions.googleapis.com/v1/projects/totally-vocally/locations/-/functions [none]
[debug] [2026-08-24T19:39:16.993Z] <<< [apiv2][status] GET https://cloudfunctions.googleapis.com/v1/projects/totally-vocally/locations/-/functions 200
[debug] [2026-08-24T19:39:16.993Z] <<< [apiv2][body] GET https://cloudfunctions.googleapis.com/v1/projects/totally-vocally/locations/-/functions {}
[debug] [2026-08-24T19:39:16.994Z] Checked if tokens are valid: true, expires at: 1787601769678
[debug] [2026-08-24T19:39:16.994Z] Checked if tokens are valid: true, expires at: 1787601769678
[debug] [2026-08-24T19:39:16.995Z] >>> [apiv2][query] GET https://cloudfunctions.googleapis.com/v2/projects/totally-vocally/locations/-/functions filter=environment%3D%22GEN_2%22
[debug] [2026-08-24T19:39:18.087Z] <<< [apiv2][status] GET https://cloudfunctions.googleapis.com/v2/projects/totally-vocally/locations/-/functions 200
[debug] [2026-08-24T19:39:18.087Z] <<< [apiv2][body] GET https://cloudfunctions.googleapis.com/v2/projects/totally-vocally/locations/-/functions {"functions":[{"name":"projects/totally-vocally/locations/europe-west2/functions/setMemberAccess","buildConfig":{"build":"projects/799908064012/locations/europe-west2/builds/bcae30fd-ec15-48fc-b478-2ddaf1d77823","runtime":"nodejs20","entryPoint":"setMemberAccess","source":{"storageSource":{"bucket":"gcf-v2-sources-799908064012-europe-west2","object":"setMemberAccess/function-source.zip","generation":"1787599752205841"}},"environmentVariables":{"GOOGLE_NODE_RUN_SCRIPTS":""},"dockerRepository":"projects/totally-vocally/locations/europe-west2/repositories/gcf-artifacts","sourceProvenance":{"resolvedStorageSource":{"bucket":"gcf-v2-sources-799908064012-europe-west2","object":"setMemberAccess/function-source.zip","generation":"1787599752205841"}},"dockerRegistry":"ARTIFACT_REGISTRY","serviceAccount":"projects/totally-vocally/serviceAccounts/799908064012-compute@developer.gserviceaccount.com","automaticUpdatePolicy":{}},"serviceConfig":{"service":"projects/totally-vocally/locations/europe-west2/services/setmemberaccess","timeoutSeconds":60,"environmentVariables":{"FIREBASE_CONFIG":"{\"projectId\":\"totally-vocally\",\"storageBucket\":\"totally-vocally.firebasestorage.app\"}","GCLOUD_PROJECT":"totally-vocally","EVENTARC_CLOUD_EVENT_SOURCE":"projects/totally-vocally/locations/europe-west2/services/setMemberAccess","FUNCTION_REGION":"europe-west2","FUNCTION_TARGET":"setMemberAccess","LOG_EXECUTION_ID":"true"},"maxInstanceCount":5,"ingressSettings":"ALLOW_ALL","uri":"https://setmemberaccess-bed777og3q-nw.a.run.app","serviceAccountEmail":"799908064012-compute@developer.gserviceaccount.com","availableMemory":"256Mi","allTrafficOnLatestRevision":true,"revision":"setmemberaccess-00001-rub","maxInstanceRequestConcurrency":80,"availableCpu":"1"},"state":"ACTIVE","updateTime":"2026-08-24T19:30:37.296191224Z","labels":{"deployment-tool":"cli-firebase","deployment-callable":"true","firebase-functions-hash":"a3f6b63a8a0528bae26d805e44f4d732d4ade68d"},"environment":"GEN_2","url":"https://europe-west2-totally-vocally.cloudfunctions.net/setMemberAccess","satisfiesPzs":true,"createTime":"2026-08-24T19:29:12.658051190Z","satisfiesPzi":true}]}
[info] i  extensions: ensuring required API firebaseextensions.googleapis.com is enabled... 
[debug] [2026-08-24T19:39:18.089Z] > command requires scopes: ["email","openid","https://www.googleapis.com/auth/cloudplatformprojects.readonly","https://www.googleapis.com/auth/firebase","https://www.googleapis.com/auth/cloud-platform"]
[debug] [2026-08-24T19:39:18.089Z] > authorizing via signed-in user (stemurdock@gmail.com)
[debug] [2026-08-24T19:39:18.089Z] [iam] checking project totally-vocally for permissions ["firebase.projects.get","firebaseextensions.instances.list"]
[debug] [2026-08-24T19:39:18.090Z] Checked if tokens are valid: true, expires at: 1787601769678
[debug] [2026-08-24T19:39:18.090Z] Checked if tokens are valid: true, expires at: 1787601769678
[debug] [2026-08-24T19:39:18.090Z] >>> [apiv2][query] POST https://cloudresourcemanager.googleapis.com/v1/projects/totally-vocally:testIamPermissions [none]
[debug] [2026-08-24T19:39:18.090Z] >>> [apiv2][(partial)header] POST https://cloudresourcemanager.googleapis.com/v1/projects/totally-vocally:testIamPermissions  x-goog-user-project=totally-vocally
[debug] [2026-08-24T19:39:18.090Z] >>> [apiv2][body] POST https://cloudresourcemanager.googleapis.com/v1/projects/totally-vocally:testIamPermissions {"permissions":["firebase.projects.get","firebaseextensions.instances.list"]}
[debug] [2026-08-24T19:39:18.757Z] <<< [apiv2][status] POST https://cloudresourcemanager.googleapis.com/v1/projects/totally-vocally:testIamPermissions 200
[debug] [2026-08-24T19:39:18.758Z] <<< [apiv2][body] POST https://cloudresourcemanager.googleapis.com/v1/projects/totally-vocally:testIamPermissions {"permissions":["firebase.projects.get","firebaseextensions.instances.list"]}
[debug] [2026-08-24T19:39:18.758Z] Checked if tokens are valid: true, expires at: 1787601769678
[debug] [2026-08-24T19:39:18.758Z] Checked if tokens are valid: true, expires at: 1787601769678
[debug] [2026-08-24T19:39:18.758Z] >>> [apiv2][query] GET https://firebaseextensions.googleapis.com/v1beta/projects/totally-vocally/instances pageSize=100&pageToken=
[debug] [2026-08-24T19:39:19.572Z] <<< [apiv2][status] GET https://firebaseextensions.googleapis.com/v1beta/projects/totally-vocally/instances 200
[debug] [2026-08-24T19:39:19.572Z] <<< [apiv2][body] GET https://firebaseextensions.googleapis.com/v1beta/projects/totally-vocally/instances {}
[debug] [2026-08-24T19:39:19.574Z] Attempting to merge .env secret bindings {} into declared secrets...)}
[debug] [2026-08-24T19:39:19.574Z] setMemberAccess declared secrets: undefined
[info] i  functions: preparing functions directory for uploading... 
[info] i  functions: packaged /Users/steve/Desktop/totally-vocally/functions (37.22 KB) for uploading 
[info] i  functions: ensuring required API run.googleapis.com is enabled... 
[info] i  functions: ensuring required API eventarc.googleapis.com is enabled... 
[info] i  functions: ensuring required API pubsub.googleapis.com is enabled... 
[info] i  functions: ensuring required API storage.googleapis.com is enabled... 
[info] i  functions: generating the service identity for pubsub.googleapis.com... 
[debug] [2026-08-24T19:39:19.602Z] Checked if tokens are valid: true, expires at: 1787601769678
[debug] [2026-08-24T19:39:19.602Z] Checked if tokens are valid: true, expires at: 1787601769678
[info] i  functions: generating the service identity for eventarc.googleapis.com... 
[debug] [2026-08-24T19:39:19.602Z] Checked if tokens are valid: true, expires at: 1787601769678
[debug] [2026-08-24T19:39:19.602Z] Checked if tokens are valid: true, expires at: 1787601769678
[debug] [2026-08-24T19:39:19.603Z] >>> [apiv2][query] POST https://serviceusage.googleapis.com/v1beta1/projects/799908064012/services/pubsub.googleapis.com:generateServiceIdentity [none]
[debug] [2026-08-24T19:39:19.603Z] >>> [apiv2][(partial)header] POST https://serviceusage.googleapis.com/v1beta1/projects/799908064012/services/pubsub.googleapis.com:generateServiceIdentity  x-goog-user-project=799908064012
[debug] [2026-08-24T19:39:19.603Z] >>> [apiv2][body] POST https://serviceusage.googleapis.com/v1beta1/projects/799908064012/services/pubsub.googleapis.com:generateServiceIdentity {}
[debug] [2026-08-24T19:39:19.603Z] >>> [apiv2][query] POST https://serviceusage.googleapis.com/v1beta1/projects/799908064012/services/eventarc.googleapis.com:generateServiceIdentity [none]
[debug] [2026-08-24T19:39:19.603Z] >>> [apiv2][(partial)header] POST https://serviceusage.googleapis.com/v1beta1/projects/799908064012/services/eventarc.googleapis.com:generateServiceIdentity  x-goog-user-project=799908064012
[debug] [2026-08-24T19:39:19.603Z] >>> [apiv2][body] POST https://serviceusage.googleapis.com/v1beta1/projects/799908064012/services/eventarc.googleapis.com:generateServiceIdentity {}
[debug] [2026-08-24T19:39:20.558Z] <<< [apiv2][status] POST https://serviceusage.googleapis.com/v1beta1/projects/799908064012/services/eventarc.googleapis.com:generateServiceIdentity 200
[debug] [2026-08-24T19:39:20.558Z] <<< [apiv2][body] POST https://serviceusage.googleapis.com/v1beta1/projects/799908064012/services/eventarc.googleapis.com:generateServiceIdentity {"name":"operations/finished.DONE_OPERATION","done":true,"response":{"@type":"type.googleapis.com/google.api.serviceusage.v1beta1.ServiceIdentity","email":"service-799908064012@gcp-sa-eventarc.iam.gserviceaccount.com","uniqueId":"112226588950923642356"}}
[debug] [2026-08-24T19:39:20.566Z] <<< [apiv2][status] POST https://serviceusage.googleapis.com/v1beta1/projects/799908064012/services/pubsub.googleapis.com:generateServiceIdentity 200
[debug] [2026-08-24T19:39:20.566Z] <<< [apiv2][body] POST https://serviceusage.googleapis.com/v1beta1/projects/799908064012/services/pubsub.googleapis.com:generateServiceIdentity {"name":"operations/finished.DONE_OPERATION","done":true,"response":{"@type":"type.googleapis.com/google.api.serviceusage.v1beta1.ServiceIdentity","email":"service-799908064012@gcp-sa-pubsub.iam.gserviceaccount.com","uniqueId":"106814756640697925589"}}
[debug] [2026-08-24T19:39:20.568Z] Checked if tokens are valid: true, expires at: 1787601769678
[debug] [2026-08-24T19:39:20.569Z] Checked if tokens are valid: true, expires at: 1787601769678
[debug] [2026-08-24T19:39:20.569Z] >>> [apiv2][query] GET https://cloudresourcemanager.googleapis.com/v1/projects/totally-vocally [none]
[debug] [2026-08-24T19:39:20.743Z] <<< [apiv2][status] GET https://cloudresourcemanager.googleapis.com/v1/projects/totally-vocally 200
[debug] [2026-08-24T19:39:20.744Z] <<< [apiv2][body] GET https://cloudresourcemanager.googleapis.com/v1/projects/totally-vocally {"projectNumber":"799908064012","projectId":"totally-vocally","lifecycleState":"ACTIVE","name":"TotallyVocallyApp","labels":{"firebase":"enabled","firebase-core":"disabled"},"createTime":"2026-08-16T06:37:14.683Z"}
[debug] [2026-08-24T19:39:20.744Z] Checked if tokens are valid: true, expires at: 1787601769678
[debug] [2026-08-24T19:39:20.744Z] Checked if tokens are valid: true, expires at: 1787601769678
[debug] [2026-08-24T19:39:20.744Z] >>> [apiv2][query] GET https://compute.googleapis.com/compute/v1/projects/799908064012 [none]
[debug] [2026-08-24T19:39:21.003Z] <<< [apiv2][status] GET https://compute.googleapis.com/compute/v1/projects/799908064012 403
[debug] [2026-08-24T19:39:21.003Z] <<< [apiv2][body] GET https://compute.googleapis.com/compute/v1/projects/799908064012 {"error":{"code":403,"message":"Compute Engine API has not been used in project 799908064012 before or it is disabled. Enable it by visiting https://console.developers.google.com/apis/api/compute.googleapis.com/overview?project=799908064012 then retry. If you enabled this API recently, wait a few minutes for the action to propagate to our systems and retry.","errors":[{"message":"Compute Engine API has not been used in project 799908064012 before or it is disabled. Enable it by visiting https://console.developers.google.com/apis/api/compute.googleapis.com/overview?project=799908064012 then retry. If you enabled this API recently, wait a few minutes for the action to propagate to our systems and retry.","domain":"usageLimits","reason":"accessNotConfigured","extendedHelp":"https://console.developers.google.com"}],"status":"PERMISSION_DENIED","details":[{"@type":"type.googleapis.com/google.rpc.ErrorInfo","reason":"SERVICE_DISABLED","domain":"googleapis.com","metadata":{"consumer":"projects/799908064012","serviceTitle":"Compute Engine API","containerInfo":"799908064012","service":"compute.googleapis.com","activationUrl":"https://console.developers.google.com/apis/api/compute.googleapis.com/overview?project=799908064012"}},{"@type":"type.googleapis.com/google.rpc.LocalizedMessage","locale":"en-US","message":"Compute Engine API has not been used in project 799908064012 before or it is disabled. Enable it by visiting https://console.developers.google.com/apis/api/compute.googleapis.com/overview?project=799908064012 then retry. If you enabled this API recently, wait a few minutes for the action to propagate to our systems and retry."},{"@type":"type.googleapis.com/google.rpc.Help","links":[{"description":"Google developers console API activation","url":"https://console.developers.google.com/apis/api/compute.googleapis.com/overview?project=799908064012"}]}]}}
[debug] [2026-08-24T19:39:21.004Z] unable to look up default compute service account. Falling back to 799908064012-compute@developer.gserviceaccount.com. Error: {"name":"FirebaseError","children":[],"context":{"body":{"error":{"code":403,"message":"Compute Engine API has not been used in project 799908064012 before or it is disabled. Enable it by visiting https://console.developers.google.com/apis/api/compute.googleapis.com/overview?project=799908064012 then retry. If you enabled this API recently, wait a few minutes for the action to propagate to our systems and retry.","errors":[{"message":"Compute Engine API has not been used in project 799908064012 before or it is disabled. Enable it by visiting https://console.developers.google.com/apis/api/compute.googleapis.com/overview?project=799908064012 then retry. If you enabled this API recently, wait a few minutes for the action to propagate to our systems and retry.","domain":"usageLimits","reason":"accessNotConfigured","extendedHelp":"https://console.developers.google.com"}],"status":"PERMISSION_DENIED","details":[{"@type":"type.googleapis.com/google.rpc.ErrorInfo","reason":"SERVICE_DISABLED","domain":"googleapis.com","metadata":{"consumer":"projects/799908064012","serviceTitle":"Compute Engine API","containerInfo":"799908064012","service":"compute.googleapis.com","activationUrl":"https://console.developers.google.com/apis/api/compute.googleapis.com/overview?project=799908064012"}},{"@type":"type.googleapis.com/google.rpc.LocalizedMessage","locale":"en-US","message":"Compute Engine API has not been used in project 799908064012 before or it is disabled. Enable it by visiting https://console.developers.google.com/apis/api/compute.googleapis.com/overview?project=799908064012 then retry. If you enabled this API recently, wait a few minutes for the action to propagate to our systems and retry."},{"@type":"type.googleapis.com/google.rpc.Help","links":[{"description":"Google developers console API activation","url":"https://console.developers.google.com/apis/api/compute.googleapis.com/overview?project=799908064012"}]}]}},"response":{"statusCode":403}},"exit":1,"message":"Request to https://compute.googleapis.com/compute/v1/projects/799908064012 had HTTP Error: 403, Compute Engine API has not been used in project 799908064012 before or it is disabled. Enable it by visiting https://console.developers.google.com/apis/api/compute.googleapis.com/overview?project=799908064012 then retry. If you enabled this API recently, wait a few minutes for the action to propagate to our systems and retry.","status":403}
[debug] [2026-08-24T19:39:21.005Z] Checked if tokens are valid: true, expires at: 1787601769678
[debug] [2026-08-24T19:39:21.005Z] Checked if tokens are valid: true, expires at: 1787601769678
[debug] [2026-08-24T19:39:21.005Z] >>> [apiv2][query] GET https://cloudbilling.googleapis.com/v1/projects/totally-vocally/billingInfo [none]
[debug] [2026-08-24T19:39:21.005Z] >>> [apiv2][(partial)header] GET https://cloudbilling.googleapis.com/v1/projects/totally-vocally/billingInfo  x-goog-user-project=totally-vocally
[debug] [2026-08-24T19:39:21.785Z] <<< [apiv2][status] GET https://cloudbilling.googleapis.com/v1/projects/totally-vocally/billingInfo 200
[debug] [2026-08-24T19:39:21.786Z] <<< [apiv2][body] GET https://cloudbilling.googleapis.com/v1/projects/totally-vocally/billingInfo {"name":"projects/totally-vocally/billingInfo","projectId":"totally-vocally","billingAccountName":"billingAccounts/01D61B-DD4130-942DFB","billingEnabled":true}
[debug] [2026-08-24T19:39:21.787Z] Checked if tokens are valid: true, expires at: 1787601769678
[debug] [2026-08-24T19:39:21.788Z] Checked if tokens are valid: true, expires at: 1787601769678
[debug] [2026-08-24T19:39:21.788Z] >>> [apiv2][query] POST https://cloudfunctions.googleapis.com/v2/projects/totally-vocally/locations/europe-west2/functions:generateUploadUrl [none]
[debug] [2026-08-24T19:39:22.130Z] <<< [apiv2][status] POST https://cloudfunctions.googleapis.com/v2/projects/totally-vocally/locations/europe-west2/functions:generateUploadUrl 200
[debug] [2026-08-24T19:39:22.130Z] <<< [apiv2][body] POST https://cloudfunctions.googleapis.com/v2/projects/totally-vocally/locations/europe-west2/functions:generateUploadUrl {"uploadUrl":"https://storage.googleapis.com/gcf-v2-uploads-799908064012.europe-west2.cloudfunctions.appspot.com/168c693e-2ec9-4a35-9a58-982937c6002f.zip?GoogleAccessId=service-799908064012@gcf-admin-robot.iam.gserviceaccount.com&Expires=1787602162&Signature=MQcN6dSuu6uLMM%2B7T8dit9726q%2BhzsTMyTtQbyGFWU5evAsePGinSXalR1q0RkJQ6EKTmGQa7oig2CCySa4c0XzBQejhCAzq4sbwv80DKjp4lRc00csiwQle75NzKKsHNEIq4Aq3kO%2B7c3yhQrU8RvYygrvGinYk7Dua%2B%2BcefkOB0wKZtRonbk88%2Fy5DDw1DF%2B3KOeFTJndyQ59S2vfPcI6kndKekHMRkKUiPTDj5dn75aWN6tE7A2tuVSlfpndFojzkxih%2B5N5qDh8mFROlE77bA97pHABh6WCdWKxEC8ZxGc3%2BozZpA6uwvDrvQZhBX2kkX2dOWBWW3Iqf0HvDEw%3D%3D","storageSource":{"bucket":"gcf-v2-uploads-799908064012.europe-west2.cloudfunctions.appspot.com","object":"168c693e-2ec9-4a35-9a58-982937c6002f.zip"}}
[debug] [2026-08-24T19:39:22.131Z] >>> [apiv2][query] PUT https://storage.googleapis.com/gcf-v2-uploads-799908064012.europe-west2.cloudfunctions.appspot.com/168c693e-2ec9-4a35-9a58-982937c6002f.zip GoogleAccessId=service-799908064012%40gcf-admin-robot.iam.gserviceaccount.com&Expires=1787602162&Signature=MQcN6dSuu6uLMM%2B7T8dit9726q%2BhzsTMyTtQbyGFWU5evAsePGinSXalR1q0RkJQ6EKTmGQa7oig2CCySa4c0XzBQejhCAzq4sbwv80DKjp4lRc00csiwQle75NzKKsHNEIq4Aq3kO%2B7c3yhQrU8RvYygrvGinYk7Dua%2B%2BcefkOB0wKZtRonbk88%2Fy5DDw1DF%2B3KOeFTJndyQ59S2vfPcI6kndKekHMRkKUiPTDj5dn75aWN6tE7A2tuVSlfpndFojzkxih%2B5N5qDh8mFROlE77bA97pHABh6WCdWKxEC8ZxGc3%2BozZpA6uwvDrvQZhBX2kkX2dOWBWW3Iqf0HvDEw%3D%3D
[debug] [2026-08-24T19:39:22.131Z] >>> [apiv2][body] PUT https://storage.googleapis.com/gcf-v2-uploads-799908064012.europe-west2.cloudfunctions.appspot.com/168c693e-2ec9-4a35-9a58-982937c6002f.zip [stream]
[debug] [2026-08-24T19:39:22.346Z] <<< [apiv2][status] PUT https://storage.googleapis.com/gcf-v2-uploads-799908064012.europe-west2.cloudfunctions.appspot.com/168c693e-2ec9-4a35-9a58-982937c6002f.zip 200
[debug] [2026-08-24T19:39:22.346Z] <<< [apiv2][body] PUT https://storage.googleapis.com/gcf-v2-uploads-799908064012.europe-west2.cloudfunctions.appspot.com/168c693e-2ec9-4a35-9a58-982937c6002f.zip [omitted]
[info] ✔  functions: functions source uploaded successfully 
[info] i  functions: updating Node.js 20 (2nd Gen) function setMemberAccess(europe-west2)... 
[debug] [2026-08-24T19:39:22.352Z] Checked if tokens are valid: true, expires at: 1787601769678
[debug] [2026-08-24T19:39:22.353Z] Checked if tokens are valid: true, expires at: 1787601769678
[debug] [2026-08-24T19:39:22.353Z] >>> [apiv2][query] PATCH https://cloudfunctions.googleapis.com/v2/projects/totally-vocally/locations/europe-west2/functions/setMemberAccess updateMask=name%2CbuildConfig.runtime%2CbuildConfig.entryPoint%2CbuildConfig.source.storageSource.bucket%2CbuildConfig.source.storageSource.object%2CbuildConfig.environmentVariables%2CbuildConfig.sourceToken%2CserviceConfig.environmentVariables%2CserviceConfig.ingressSettings%2CserviceConfig.timeoutSeconds%2CserviceConfig.serviceAccountEmail%2CserviceConfig.availableMemory%2CserviceConfig.minInstanceCount%2CserviceConfig.maxInstanceCount%2CserviceConfig.maxInstanceRequestConcurrency%2CserviceConfig.availableCpu%2CserviceConfig.vpcConnector%2CserviceConfig.vpcConnectorEgressSettings%2CserviceConfig.directVpcNetworkInterface%2CserviceConfig.directVpcEgress%2Clabels
[debug] [2026-08-24T19:39:22.353Z] >>> [apiv2][body] PATCH https://cloudfunctions.googleapis.com/v2/projects/totally-vocally/locations/europe-west2/functions/setMemberAccess {"name":"projects/totally-vocally/locations/europe-west2/functions/setMemberAccess","buildConfig":{"runtime":"nodejs20","entryPoint":"setMemberAccess","source":{"storageSource":{"bucket":"gcf-v2-uploads-799908064012.europe-west2.cloudfunctions.appspot.com","object":"168c693e-2ec9-4a35-9a58-982937c6002f.zip"}},"environmentVariables":{"GOOGLE_NODE_RUN_SCRIPTS":""}},"serviceConfig":{"environmentVariables":{"FIREBASE_CONFIG":"{\"projectId\":\"totally-vocally\",\"storageBucket\":\"totally-vocally.firebasestorage.app\"}","GCLOUD_PROJECT":"totally-vocally","EVENTARC_CLOUD_EVENT_SOURCE":"projects/totally-vocally/locations/europe-west2/services/setMemberAccess","FUNCTION_REGION":"europe-west2","FUNCTION_TARGET":"setMemberAccess","LOG_EXECUTION_ID":"true"},"ingressSettings":null,"timeoutSeconds":null,"serviceAccountEmail":null,"availableMemory":"256Mi","minInstanceCount":null,"maxInstanceCount":5,"maxInstanceRequestConcurrency":80,"availableCpu":"1","vpcConnector":null,"vpcConnectorEgressSettings":null,"directVpcNetworkInterface":null,"directVpcEgress":null},"labels":{"deployment-tool":"cli-firebase","deployment-callable":"true","firebase-functions-hash":"1fd1dccf17ab3d2224dc5ec20f90d617b6f48726"}}
[debug] [2026-08-24T19:39:23.515Z] <<< [apiv2][status] PATCH https://cloudfunctions.googleapis.com/v2/projects/totally-vocally/locations/europe-west2/functions/setMemberAccess 200
[debug] [2026-08-24T19:39:23.515Z] <<< [apiv2][body] PATCH https://cloudfunctions.googleapis.com/v2/projects/totally-vocally/locations/europe-west2/functions/setMemberAccess {"name":"projects/totally-vocally/locations/europe-west2/operations/operation-1787600362508-659d0249b9104-572ca75b-c2c65092","metadata":{"@type":"type.googleapis.com/google.cloud.functions.v2.OperationMetadata","createTime":"2026-08-24T19:39:23.527834149Z","target":"projects/totally-vocally/locations/europe-west2/functions/setMemberAccess","verb":"update","cancelRequested":false,"apiVersion":"v2"},"done":false}
[debug] [2026-08-24T19:39:23.515Z] Checked if tokens are valid: true, expires at: 1787601769678
[debug] [2026-08-24T19:39:23.515Z] Checked if tokens are valid: true, expires at: 1787601769678
[debug] [2026-08-24T19:39:23.516Z] >>> [apiv2][query] GET https://cloudfunctions.googleapis.com/v2/projects/totally-vocally/locations/europe-west2/operations/operation-1787600362508-659d0249b9104-572ca75b-c2c65092 [none]
[debug] [2026-08-24T19:39:23.621Z] <<< [apiv2][status] GET https://cloudfunctions.googleapis.com/v2/projects/totally-vocally/locations/europe-west2/operations/operation-1787600362508-659d0249b9104-572ca75b-c2c65092 200
[debug] [2026-08-24T19:39:23.621Z] <<< [apiv2][body] GET https://cloudfunctions.googleapis.com/v2/projects/totally-vocally/locations/europe-west2/operations/operation-1787600362508-659d0249b9104-572ca75b-c2c65092 {"name":"projects/totally-vocally/locations/europe-west2/operations/operation-1787600362508-659d0249b9104-572ca75b-c2c65092","metadata":{"@type":"type.googleapis.com/google.cloud.functions.v2.OperationMetadata","createTime":"2026-08-24T19:39:23.527834149Z","target":"projects/totally-vocally/locations/europe-west2/functions/setMemberAccess","verb":"update","cancelRequested":false,"apiVersion":"v2"},"done":false}
[debug] [2026-08-24T19:39:24.122Z] [update-default-europe-west2-setMemberAccess] Retrying task index 0
[debug] [2026-08-24T19:39:24.122Z] Checked if tokens are valid: true, expires at: 1787601769678
[debug] [2026-08-24T19:39:24.122Z] Checked if tokens are valid: true, expires at: 1787601769678
[debug] [2026-08-24T19:39:24.122Z] >>> [apiv2][query] GET https://cloudfunctions.googleapis.com/v2/projects/totally-vocally/locations/europe-west2/operations/operation-1787600362508-659d0249b9104-572ca75b-c2c65092 [none]
[debug] [2026-08-24T19:39:24.273Z] <<< [apiv2][status] GET https://cloudfunctions.googleapis.com/v2/projects/totally-vocally/locations/europe-west2/operations/operation-1787600362508-659d0249b9104-572ca75b-c2c65092 200
[debug] [2026-08-24T19:39:24.273Z] <<< [apiv2][body] GET https://cloudfunctions.googleapis.com/v2/projects/totally-vocally/locations/europe-west2/operations/operation-1787600362508-659d0249b9104-572ca75b-c2c65092 {"name":"projects/totally-vocally/locations/europe-west2/operations/operation-1787600362508-659d0249b9104-572ca75b-c2c65092","metadata":{"@type":"type.googleapis.com/google.cloud.functions.v2.OperationMetadata","createTime":"2026-08-24T19:39:23.527834149Z","target":"projects/totally-vocally/locations/europe-west2/functions/setMemberAccess","verb":"update","cancelRequested":false,"apiVersion":"v2","requestResource":{"@type":"type.googleapis.com/google.cloud.functions.v2.Function","name":"projects/totally-vocally/locations/europe-west2/functions/setMemberAccess","buildConfig":{"runtime":"nodejs20","entryPoint":"setMemberAccess","source":{"storageSource":{"bucket":"gcf-v2-sources-799908064012-europe-west2","object":"setMemberAccess/function-source.zip","generation":"1787600363475690"}},"environmentVariables":{"GOOGLE_NODE_RUN_SCRIPTS":""},"dockerRepository":"projects/totally-vocally/locations/europe-west2/repositories/gcf-artifacts","sourceProvenance":{"resolvedStorageSource":{"bucket":"gcf-v2-sources-799908064012-europe-west2","object":"setMemberAccess/function-source.zip","generation":"1787599752205841"}},"dockerRegistry":"ARTIFACT_REGISTRY","serviceAccount":"projects/totally-vocally/serviceAccounts/799908064012-compute@developer.gserviceaccount.com","automaticUpdatePolicy":{}},"serviceConfig":{"service":"projects/totally-vocally/locations/europe-west2/services/setmemberaccess","timeoutSeconds":60,"environmentVariables":{"FIREBASE_CONFIG":"{\"projectId\":\"totally-vocally\",\"storageBucket\":\"totally-vocally.firebasestorage.app\"}","GCLOUD_PROJECT":"totally-vocally","EVENTARC_CLOUD_EVENT_SOURCE":"projects/totally-vocally/locations/europe-west2/services/setMemberAccess","FUNCTION_REGION":"europe-west2","FUNCTION_TARGET":"setMemberAccess","LOG_EXECUTION_ID":"true"},"maxInstanceCount":5,"ingressSettings":"ALLOW_ALL","uri":"https://setmemberaccess-bed777og3q-nw.a.run.app","serviceAccountEmail":"799908064012-compute@developer.gserviceaccount.com","availableMemory":"256Mi","allTrafficOnLatestRevision":true,"revision":"setmemberaccess-00001-rub","maxInstanceRequestConcurrency":80,"availableCpu":"1"},"state":"ACTIVE","labels":{"deployment-tool":"cli-firebase","deployment-callable":"true","firebase-functions-hash":"1fd1dccf17ab3d2224dc5ec20f90d617b6f48726"},"environment":"GEN_2","url":"https://europe-west2-totally-vocally.cloudfunctions.net/setMemberAccess","satisfiesPzs":true,"satisfiesPzi":true},"stages":[{"name":"BUILD","state":"NOT_STARTED","stateMessages":[{"severity":"WARNING","type":"BuildAnalysisWarning","message":"Node.js 20 is no longer supported by the Node.js community as of 30 April, 2026. Node.js 20 will be decommissioned on 2026-10-30. As of 2026-10-30 you will no longer be able to deploy your Cloud Functions using nodejs20. We recommend you to upgrade to the latest version of Node.js as soon as possible."}]},{"name":"SERVICE","state":"NOT_STARTED"}],"operationType":"UPDATE_FUNCTION"},"done":false}
[debug] [2026-08-24T19:39:25.274Z] [update-default-europe-west2-setMemberAccess] Retrying task index 0
[debug] [2026-08-24T19:39:25.274Z] Checked if tokens are valid: true, expires at: 1787601769678
[debug] [2026-08-24T19:39:25.274Z] Checked if tokens are valid: true, expires at: 1787601769678
[debug] [2026-08-24T19:39:25.274Z] >>> [apiv2][query] GET https://cloudfunctions.googleapis.com/v2/projects/totally-vocally/locations/europe-west2/operations/operation-1787600362508-659d0249b9104-572ca75b-c2c65092 [none]
[debug] [2026-08-24T19:39:25.416Z] <<< [apiv2][status] GET https://cloudfunctions.googleapis.com/v2/projects/totally-vocally/locations/europe-west2/operations/operation-1787600362508-659d0249b9104-572ca75b-c2c65092 200
[debug] [2026-08-24T19:39:25.416Z] <<< [apiv2][body] GET https://cloudfunctions.googleapis.com/v2/projects/totally-vocally/locations/europe-west2/operations/operation-1787600362508-659d0249b9104-572ca75b-c2c65092 {"name":"projects/totally-vocally/locations/europe-west2/operations/operation-1787600362508-659d0249b9104-572ca75b-c2c65092","metadata":{"@type":"type.googleapis.com/google.cloud.functions.v2.OperationMetadata","createTime":"2026-08-24T19:39:23.527834149Z","target":"projects/totally-vocally/locations/europe-west2/functions/setMemberAccess","verb":"update","cancelRequested":false,"apiVersion":"v2","requestResource":{"@type":"type.googleapis.com/google.cloud.functions.v2.Function","name":"projects/totally-vocally/locations/europe-west2/functions/setMemberAccess","buildConfig":{"runtime":"nodejs20","entryPoint":"setMemberAccess","source":{"storageSource":{"bucket":"gcf-v2-sources-799908064012-europe-west2","object":"setMemberAccess/function-source.zip","generation":"1787600363475690"}},"environmentVariables":{"GOOGLE_NODE_RUN_SCRIPTS":""},"dockerRepository":"projects/totally-vocally/locations/europe-west2/repositories/gcf-artifacts","sourceProvenance":{"resolvedStorageSource":{"bucket":"gcf-v2-sources-799908064012-europe-west2","object":"setMemberAccess/function-source.zip","generation":"1787599752205841"}},"dockerRegistry":"ARTIFACT_REGISTRY","serviceAccount":"projects/totally-vocally/serviceAccounts/799908064012-compute@developer.gserviceaccount.com","automaticUpdatePolicy":{}},"serviceConfig":{"service":"projects/totally-vocally/locations/europe-west2/services/setmemberaccess","timeoutSeconds":60,"environmentVariables":{"FIREBASE_CONFIG":"{\"projectId\":\"totally-vocally\",\"storageBucket\":\"totally-vocally.firebasestorage.app\"}","GCLOUD_PROJECT":"totally-vocally","EVENTARC_CLOUD_EVENT_SOURCE":"projects/totally-vocally/locations/europe-west2/services/setMemberAccess","FUNCTION_REGION":"europe-west2","FUNCTION_TARGET":"setMemberAccess","LOG_EXECUTION_ID":"true"},"maxInstanceCount":5,"ingressSettings":"ALLOW_ALL","uri":"https://setmemberaccess-bed777og3q-nw.a.run.app","serviceAccountEmail":"799908064012-compute@developer.gserviceaccount.com","availableMemory":"256Mi","allTrafficOnLatestRevision":true,"revision":"setmemberaccess-00001-rub","maxInstanceRequestConcurrency":80,"availableCpu":"1"},"state":"ACTIVE","labels":{"deployment-tool":"cli-firebase","deployment-callable":"true","firebase-functions-hash":"1fd1dccf17ab3d2224dc5ec20f90d617b6f48726"},"environment":"GEN_2","url":"https://europe-west2-totally-vocally.cloudfunctions.net/setMemberAccess","satisfiesPzs":true,"satisfiesPzi":true},"stages":[{"name":"BUILD","message":"Build in progress","state":"IN_PROGRESS","resource":"projects/799908064012/locations/europe-west2/builds/b735298b-c5ed-4855-b294-f92af298169f","resourceUri":"https://console.cloud.google.com/cloud-build/builds;region=europe-west2/b735298b-c5ed-4855-b294-f92af298169f?project=799908064012"},{"name":"SERVICE","state":"NOT_STARTED"}],"operationType":"UPDATE_FUNCTION","buildName":"projects/799908064012/locations/europe-west2/builds/b735298b-c5ed-4855-b294-f92af298169f"},"done":false}
[debug] [2026-08-24T19:39:27.418Z] [update-default-europe-west2-setMemberAccess] Retrying task index 0
[debug] [2026-08-24T19:39:27.419Z] Checked if tokens are valid: true, expires at: 1787601769678
[debug] [2026-08-24T19:39:27.419Z] Checked if tokens are valid: true, expires at: 1787601769678
[debug] [2026-08-24T19:39:27.419Z] >>> [apiv2][query] GET https://cloudfunctions.googleapis.com/v2/projects/totally-vocally/locations/europe-west2/operations/operation-1787600362508-659d0249b9104-572ca75b-c2c65092 [none]
[debug] [2026-08-24T19:39:27.475Z] <<< [apiv2][status] GET https://cloudfunctions.googleapis.com/v2/projects/totally-vocally/locations/europe-west2/operations/operation-1787600362508-659d0249b9104-572ca75b-c2c65092 200
[debug] [2026-08-24T19:39:27.475Z] <<< [apiv2][body] GET https://cloudfunctions.googleapis.com/v2/projects/totally-vocally/locations/europe-west2/operations/operation-1787600362508-659d0249b9104-572ca75b-c2c65092 {"name":"projects/totally-vocally/locations/europe-west2/operations/operation-1787600362508-659d0249b9104-572ca75b-c2c65092","metadata":{"@type":"type.googleapis.com/google.cloud.functions.v2.OperationMetadata","createTime":"2026-08-24T19:39:23.527834149Z","target":"projects/totally-vocally/locations/europe-west2/functions/setMemberAccess","verb":"update","cancelRequested":false,"apiVersion":"v2","requestResource":{"@type":"type.googleapis.com/google.cloud.functions.v2.Function","name":"projects/totally-vocally/locations/europe-west2/functions/setMemberAccess","buildConfig":{"runtime":"nodejs20","entryPoint":"setMemberAccess","source":{"storageSource":{"bucket":"gcf-v2-sources-799908064012-europe-west2","object":"setMemberAccess/function-source.zip","generation":"1787600363475690"}},"environmentVariables":{"GOOGLE_NODE_RUN_SCRIPTS":""},"dockerRepository":"projects/totally-vocally/locations/europe-west2/repositories/gcf-artifacts","sourceProvenance":{"resolvedStorageSource":{"bucket":"gcf-v2-sources-799908064012-europe-west2","object":"setMemberAccess/function-source.zip","generation":"1787599752205841"}},"dockerRegistry":"ARTIFACT_REGISTRY","serviceAccount":"projects/totally-vocally/serviceAccounts/799908064012-compute@developer.gserviceaccount.com","automaticUpdatePolicy":{}},"serviceConfig":{"service":"projects/totally-vocally/locations/europe-west2/services/setmemberaccess","timeoutSeconds":60,"environmentVariables":{"FIREBASE_CONFIG":"{\"projectId\":\"totally-vocally\",\"storageBucket\":\"totally-vocally.firebasestorage.app\"}","GCLOUD_PROJECT":"totally-vocally","EVENTARC_CLOUD_EVENT_SOURCE":"projects/totally-vocally/locations/europe-west2/services/setMemberAccess","FUNCTION_REGION":"europe-west2","FUNCTION_TARGET":"setMemberAccess","LOG_EXECUTION_ID":"true"},"maxInstanceCount":5,"ingressSettings":"ALLOW_ALL","uri":"https://setmemberaccess-bed777og3q-nw.a.run.app","serviceAccountEmail":"799908064012-compute@developer.gserviceaccount.com","availableMemory":"256Mi","allTrafficOnLatestRevision":true,"revision":"setmemberaccess-00001-rub","maxInstanceRequestConcurrency":80,"availableCpu":"1"},"state":"ACTIVE","labels":{"deployment-tool":"cli-firebase","deployment-callable":"true","firebase-functions-hash":"1fd1dccf17ab3d2224dc5ec20f90d617b6f48726"},"environment":"GEN_2","url":"https://europe-west2-totally-vocally.cloudfunctions.net/setMemberAccess","satisfiesPzs":true,"satisfiesPzi":true},"stages":[{"name":"BUILD","message":"Build in progress","state":"IN_PROGRESS","resource":"projects/799908064012/locations/europe-west2/builds/b735298b-c5ed-4855-b294-f92af298169f","resourceUri":"https://console.cloud.google.com/cloud-build/builds;region=europe-west2/b735298b-c5ed-4855-b294-f92af298169f?project=799908064012"},{"name":"SERVICE","state":"NOT_STARTED"}],"operationType":"UPDATE_FUNCTION","buildName":"projects/799908064012/locations/europe-west2/builds/b735298b-c5ed-4855-b294-f92af298169f"},"done":false}
[debug] [2026-08-24T19:39:31.476Z] [update-default-europe-west2-setMemberAccess] Retrying task index 0
[debug] [2026-08-24T19:39:31.477Z] Checked if tokens are valid: true, expires at: 1787601769678
[debug] [2026-08-24T19:39:31.477Z] Checked if tokens are valid: true, expires at: 1787601769678
[debug] [2026-08-24T19:39:31.477Z] >>> [apiv2][query] GET https://cloudfunctions.googleapis.com/v2/projects/totally-vocally/locations/europe-west2/operations/operation-1787600362508-659d0249b9104-572ca75b-c2c65092 [none]
[debug] [2026-08-24T19:39:31.628Z] <<< [apiv2][status] GET https://cloudfunctions.googleapis.com/v2/projects/totally-vocally/locations/europe-west2/operations/operation-1787600362508-659d0249b9104-572ca75b-c2c65092 200
[debug] [2026-08-24T19:39:31.628Z] <<< [apiv2][body] GET https://cloudfunctions.googleapis.com/v2/projects/totally-vocally/locations/europe-west2/operations/operation-1787600362508-659d0249b9104-572ca75b-c2c65092 {"name":"projects/totally-vocally/locations/europe-west2/operations/operation-1787600362508-659d0249b9104-572ca75b-c2c65092","metadata":{"@type":"type.googleapis.com/google.cloud.functions.v2.OperationMetadata","createTime":"2026-08-24T19:39:23.527834149Z","target":"projects/totally-vocally/locations/europe-west2/functions/setMemberAccess","verb":"update","cancelRequested":false,"apiVersion":"v2","requestResource":{"@type":"type.googleapis.com/google.cloud.functions.v2.Function","name":"projects/totally-vocally/locations/europe-west2/functions/setMemberAccess","buildConfig":{"runtime":"nodejs20","entryPoint":"setMemberAccess","source":{"storageSource":{"bucket":"gcf-v2-sources-799908064012-europe-west2","object":"setMemberAccess/function-source.zip","generation":"1787600363475690"}},"environmentVariables":{"GOOGLE_NODE_RUN_SCRIPTS":""},"dockerRepository":"projects/totally-vocally/locations/europe-west2/repositories/gcf-artifacts","sourceProvenance":{"resolvedStorageSource":{"bucket":"gcf-v2-sources-799908064012-europe-west2","object":"setMemberAccess/function-source.zip","generation":"1787599752205841"}},"dockerRegistry":"ARTIFACT_REGISTRY","serviceAccount":"projects/totally-vocally/serviceAccounts/799908064012-compute@developer.gserviceaccount.com","automaticUpdatePolicy":{}},"serviceConfig":{"service":"projects/totally-vocally/locations/europe-west2/services/setmemberaccess","timeoutSeconds":60,"environmentVariables":{"FIREBASE_CONFIG":"{\"projectId\":\"totally-vocally\",\"storageBucket\":\"totally-vocally.firebasestorage.app\"}","GCLOUD_PROJECT":"totally-vocally","EVENTARC_CLOUD_EVENT_SOURCE":"projects/totally-vocally/locations/europe-west2/services/setMemberAccess","FUNCTION_REGION":"europe-west2","FUNCTION_TARGET":"setMemberAccess","LOG_EXECUTION_ID":"true"},"maxInstanceCount":5,"ingressSettings":"ALLOW_ALL","uri":"https://setmemberaccess-bed777og3q-nw.a.run.app","serviceAccountEmail":"799908064012-compute@developer.gserviceaccount.com","availableMemory":"256Mi","allTrafficOnLatestRevision":true,"revision":"setmemberaccess-00001-rub","maxInstanceRequestConcurrency":80,"availableCpu":"1"},"state":"ACTIVE","labels":{"deployment-tool":"cli-firebase","deployment-callable":"true","firebase-functions-hash":"1fd1dccf17ab3d2224dc5ec20f90d617b6f48726"},"environment":"GEN_2","url":"https://europe-west2-totally-vocally.cloudfunctions.net/setMemberAccess","satisfiesPzs":true,"satisfiesPzi":true},"stages":[{"name":"BUILD","message":"Build in progress","state":"IN_PROGRESS","resource":"projects/799908064012/locations/europe-west2/builds/b735298b-c5ed-4855-b294-f92af298169f","resourceUri":"https://console.cloud.google.com/cloud-build/builds;region=europe-west2/b735298b-c5ed-4855-b294-f92af298169f?project=799908064012"},{"name":"SERVICE","state":"NOT_STARTED"}],"operationType":"UPDATE_FUNCTION","buildName":"projects/799908064012/locations/europe-west2/builds/b735298b-c5ed-4855-b294-f92af298169f"},"done":false}
[debug] [2026-08-24T19:39:39.629Z] [update-default-europe-west2-setMemberAccess] Retrying task index 0
[debug] [2026-08-24T19:39:39.630Z] Checked if tokens are valid: true, expires at: 1787601769678
[debug] [2026-08-24T19:39:39.630Z] Checked if tokens are valid: true, expires at: 1787601769678
[debug] [2026-08-24T19:39:39.630Z] >>> [apiv2][query] GET https://cloudfunctions.googleapis.com/v2/projects/totally-vocally/locations/europe-west2/operations/operation-1787600362508-659d0249b9104-572ca75b-c2c65092 [none]
[debug] [2026-08-24T19:39:39.755Z] <<< [apiv2][status] GET https://cloudfunctions.googleapis.com/v2/projects/totally-vocally/locations/europe-west2/operations/operation-1787600362508-659d0249b9104-572ca75b-c2c65092 200
[debug] [2026-08-24T19:39:39.755Z] <<< [apiv2][body] GET https://cloudfunctions.googleapis.com/v2/projects/totally-vocally/locations/europe-west2/operations/operation-1787600362508-659d0249b9104-572ca75b-c2c65092 {"name":"projects/totally-vocally/locations/europe-west2/operations/operation-1787600362508-659d0249b9104-572ca75b-c2c65092","metadata":{"@type":"type.googleapis.com/google.cloud.functions.v2.OperationMetadata","createTime":"2026-08-24T19:39:23.527834149Z","target":"projects/totally-vocally/locations/europe-west2/functions/setMemberAccess","verb":"update","cancelRequested":false,"apiVersion":"v2","requestResource":{"@type":"type.googleapis.com/google.cloud.functions.v2.Function","name":"projects/totally-vocally/locations/europe-west2/functions/setMemberAccess","buildConfig":{"runtime":"nodejs20","entryPoint":"setMemberAccess","source":{"storageSource":{"bucket":"gcf-v2-sources-799908064012-europe-west2","object":"setMemberAccess/function-source.zip","generation":"1787600363475690"}},"environmentVariables":{"GOOGLE_NODE_RUN_SCRIPTS":""},"dockerRepository":"projects/totally-vocally/locations/europe-west2/repositories/gcf-artifacts","sourceProvenance":{"resolvedStorageSource":{"bucket":"gcf-v2-sources-799908064012-europe-west2","object":"setMemberAccess/function-source.zip","generation":"1787599752205841"}},"dockerRegistry":"ARTIFACT_REGISTRY","serviceAccount":"projects/totally-vocally/serviceAccounts/799908064012-compute@developer.gserviceaccount.com","automaticUpdatePolicy":{}},"serviceConfig":{"service":"projects/totally-vocally/locations/europe-west2/services/setmemberaccess","timeoutSeconds":60,"environmentVariables":{"FIREBASE_CONFIG":"{\"projectId\":\"totally-vocally\",\"storageBucket\":\"totally-vocally.firebasestorage.app\"}","GCLOUD_PROJECT":"totally-vocally","EVENTARC_CLOUD_EVENT_SOURCE":"projects/totally-vocally/locations/europe-west2/services/setMemberAccess","FUNCTION_REGION":"europe-west2","FUNCTION_TARGET":"setMemberAccess","LOG_EXECUTION_ID":"true"},"maxInstanceCount":5,"ingressSettings":"ALLOW_ALL","uri":"https://setmemberaccess-bed777og3q-nw.a.run.app","serviceAccountEmail":"799908064012-compute@developer.gserviceaccount.com","availableMemory":"256Mi","allTrafficOnLatestRevision":true,"revision":"setmemberaccess-00001-rub","maxInstanceRequestConcurrency":80,"availableCpu":"1"},"state":"ACTIVE","labels":{"deployment-tool":"cli-firebase","deployment-callable":"true","firebase-functions-hash":"1fd1dccf17ab3d2224dc5ec20f90d617b6f48726"},"environment":"GEN_2","url":"https://europe-west2-totally-vocally.cloudfunctions.net/setMemberAccess","satisfiesPzs":true,"satisfiesPzi":true},"stages":[{"name":"BUILD","message":"Build in progress","state":"IN_PROGRESS","resource":"projects/799908064012/locations/europe-west2/builds/b735298b-c5ed-4855-b294-f92af298169f","resourceUri":"https://console.cloud.google.com/cloud-build/builds;region=europe-west2/b735298b-c5ed-4855-b294-f92af298169f?project=799908064012"},{"name":"SERVICE","state":"NOT_STARTED"}],"operationType":"UPDATE_FUNCTION","buildName":"projects/799908064012/locations/europe-west2/builds/b735298b-c5ed-4855-b294-f92af298169f"},"done":false}
[debug] [2026-08-24T19:39:49.755Z] [update-default-europe-west2-setMemberAccess] Retrying task index 0
[debug] [2026-08-24T19:39:49.756Z] Checked if tokens are valid: true, expires at: 1787601769678
[debug] [2026-08-24T19:39:49.756Z] Checked if tokens are valid: true, expires at: 1787601769678
[debug] [2026-08-24T19:39:49.756Z] >>> [apiv2][query] GET https://cloudfunctions.googleapis.com/v2/projects/totally-vocally/locations/europe-west2/operations/operation-1787600362508-659d0249b9104-572ca75b-c2c65092 [none]
[debug] [2026-08-24T19:39:49.899Z] <<< [apiv2][status] GET https://cloudfunctions.googleapis.com/v2/projects/totally-vocally/locations/europe-west2/operations/operation-1787600362508-659d0249b9104-572ca75b-c2c65092 200
[debug] [2026-08-24T19:39:49.899Z] <<< [apiv2][body] GET https://cloudfunctions.googleapis.com/v2/projects/totally-vocally/locations/europe-west2/operations/operation-1787600362508-659d0249b9104-572ca75b-c2c65092 {"name":"projects/totally-vocally/locations/europe-west2/operations/operation-1787600362508-659d0249b9104-572ca75b-c2c65092","metadata":{"@type":"type.googleapis.com/google.cloud.functions.v2.OperationMetadata","createTime":"2026-08-24T19:39:23.527834149Z","target":"projects/totally-vocally/locations/europe-west2/functions/setMemberAccess","verb":"update","cancelRequested":false,"apiVersion":"v2","requestResource":{"@type":"type.googleapis.com/google.cloud.functions.v2.Function","name":"projects/totally-vocally/locations/europe-west2/functions/setMemberAccess","buildConfig":{"runtime":"nodejs20","entryPoint":"setMemberAccess","source":{"storageSource":{"bucket":"gcf-v2-sources-799908064012-europe-west2","object":"setMemberAccess/function-source.zip","generation":"1787600363475690"}},"environmentVariables":{"GOOGLE_NODE_RUN_SCRIPTS":""},"dockerRepository":"projects/totally-vocally/locations/europe-west2/repositories/gcf-artifacts","sourceProvenance":{"resolvedStorageSource":{"bucket":"gcf-v2-sources-799908064012-europe-west2","object":"setMemberAccess/function-source.zip","generation":"1787599752205841"}},"dockerRegistry":"ARTIFACT_REGISTRY","serviceAccount":"projects/totally-vocally/serviceAccounts/799908064012-compute@developer.gserviceaccount.com","automaticUpdatePolicy":{}},"serviceConfig":{"service":"projects/totally-vocally/locations/europe-west2/services/setmemberaccess","timeoutSeconds":60,"environmentVariables":{"FIREBASE_CONFIG":"{\"projectId\":\"totally-vocally\",\"storageBucket\":\"totally-vocally.firebasestorage.app\"}","GCLOUD_PROJECT":"totally-vocally","EVENTARC_CLOUD_EVENT_SOURCE":"projects/totally-vocally/locations/europe-west2/services/setMemberAccess","FUNCTION_REGION":"europe-west2","FUNCTION_TARGET":"setMemberAccess","LOG_EXECUTION_ID":"true"},"maxInstanceCount":5,"ingressSettings":"ALLOW_ALL","uri":"https://setmemberaccess-bed777og3q-nw.a.run.app","serviceAccountEmail":"799908064012-compute@developer.gserviceaccount.com","availableMemory":"256Mi","allTrafficOnLatestRevision":true,"revision":"setmemberaccess-00001-rub","maxInstanceRequestConcurrency":80,"availableCpu":"1"},"state":"ACTIVE","labels":{"deployment-tool":"cli-firebase","deployment-callable":"true","firebase-functions-hash":"1fd1dccf17ab3d2224dc5ec20f90d617b6f48726"},"environment":"GEN_2","url":"https://europe-west2-totally-vocally.cloudfunctions.net/setMemberAccess","satisfiesPzs":true,"satisfiesPzi":true},"stages":[{"name":"BUILD","message":"Build in progress","state":"IN_PROGRESS","resource":"projects/799908064012/locations/europe-west2/builds/b735298b-c5ed-4855-b294-f92af298169f","resourceUri":"https://console.cloud.google.com/cloud-build/builds;region=europe-west2/b735298b-c5ed-4855-b294-f92af298169f?project=799908064012"},{"name":"SERVICE","state":"NOT_STARTED"}],"operationType":"UPDATE_FUNCTION","buildName":"projects/799908064012/locations/europe-west2/builds/b735298b-c5ed-4855-b294-f92af298169f"},"done":false}
[debug] [2026-08-24T19:39:59.900Z] [update-default-europe-west2-setMemberAccess] Retrying task index 0
[debug] [2026-08-24T19:39:59.900Z] Checked if tokens are valid: true, expires at: 1787601769678
[debug] [2026-08-24T19:39:59.900Z] Checked if tokens are valid: true, expires at: 1787601769678
[debug] [2026-08-24T19:39:59.901Z] >>> [apiv2][query] GET https://cloudfunctions.googleapis.com/v2/projects/totally-vocally/locations/europe-west2/operations/operation-1787600362508-659d0249b9104-572ca75b-c2c65092 [none]
[debug] [2026-08-24T19:39:59.990Z] <<< [apiv2][status] GET https://cloudfunctions.googleapis.com/v2/projects/totally-vocally/locations/europe-west2/operations/operation-1787600362508-659d0249b9104-572ca75b-c2c65092 200
[debug] [2026-08-24T19:39:59.990Z] <<< [apiv2][body] GET https://cloudfunctions.googleapis.com/v2/projects/totally-vocally/locations/europe-west2/operations/operation-1787600362508-659d0249b9104-572ca75b-c2c65092 {"name":"projects/totally-vocally/locations/europe-west2/operations/operation-1787600362508-659d0249b9104-572ca75b-c2c65092","metadata":{"@type":"type.googleapis.com/google.cloud.functions.v2.OperationMetadata","createTime":"2026-08-24T19:39:23.527834149Z","target":"projects/totally-vocally/locations/europe-west2/functions/setMemberAccess","verb":"update","cancelRequested":false,"apiVersion":"v2","requestResource":{"@type":"type.googleapis.com/google.cloud.functions.v2.Function","name":"projects/totally-vocally/locations/europe-west2/functions/setMemberAccess","buildConfig":{"runtime":"nodejs20","entryPoint":"setMemberAccess","source":{"storageSource":{"bucket":"gcf-v2-sources-799908064012-europe-west2","object":"setMemberAccess/function-source.zip","generation":"1787600363475690"}},"environmentVariables":{"GOOGLE_NODE_RUN_SCRIPTS":""},"dockerRepository":"projects/totally-vocally/locations/europe-west2/repositories/gcf-artifacts","sourceProvenance":{"resolvedStorageSource":{"bucket":"gcf-v2-sources-799908064012-europe-west2","object":"setMemberAccess/function-source.zip","generation":"1787599752205841"}},"dockerRegistry":"ARTIFACT_REGISTRY","serviceAccount":"projects/totally-vocally/serviceAccounts/799908064012-compute@developer.gserviceaccount.com","automaticUpdatePolicy":{}},"serviceConfig":{"service":"projects/totally-vocally/locations/europe-west2/services/setmemberaccess","timeoutSeconds":60,"environmentVariables":{"FIREBASE_CONFIG":"{\"projectId\":\"totally-vocally\",\"storageBucket\":\"totally-vocally.firebasestorage.app\"}","GCLOUD_PROJECT":"totally-vocally","EVENTARC_CLOUD_EVENT_SOURCE":"projects/totally-vocally/locations/europe-west2/services/setMemberAccess","FUNCTION_REGION":"europe-west2","FUNCTION_TARGET":"setMemberAccess","LOG_EXECUTION_ID":"true"},"maxInstanceCount":5,"ingressSettings":"ALLOW_ALL","uri":"https://setmemberaccess-bed777og3q-nw.a.run.app","serviceAccountEmail":"799908064012-compute@developer.gserviceaccount.com","availableMemory":"256Mi","allTrafficOnLatestRevision":true,"revision":"setmemberaccess-00001-rub","maxInstanceRequestConcurrency":80,"availableCpu":"1"},"state":"ACTIVE","labels":{"deployment-tool":"cli-firebase","deployment-callable":"true","firebase-functions-hash":"1fd1dccf17ab3d2224dc5ec20f90d617b6f48726"},"environment":"GEN_2","url":"https://europe-west2-totally-vocally.cloudfunctions.net/setMemberAccess","satisfiesPzs":true,"satisfiesPzi":true},"stages":[{"name":"BUILD","message":"Build finished","state":"COMPLETE","resource":"projects/799908064012/locations/europe-west2/builds/b735298b-c5ed-4855-b294-f92af298169f","resourceUri":"https://console.cloud.google.com/cloud-build/builds;region=europe-west2/b735298b-c5ed-4855-b294-f92af298169f?project=799908064012"},{"name":"SERVICE","message":"Updating Cloud Run service","state":"IN_PROGRESS","resource":"projects/totally-vocally/locations/europe-west2/services/setmemberaccess","resourceUri":"https://console.cloud.google.com/run/detail/europe-west2/setmemberaccess?project=totally-vocally","stateMessages":[{"severity":"INFO","type":"CloudRunServiceNewRevisionTrafficInfo","message":"A new revision will be deployed serving with 100% traffic."}]}],"sourceToken":"Clhwcm9qZWN0cy83OTk5MDgwNjQwMTIvbG9jYXRpb25zL2V1cm9wZS13ZXN0Mi9idWlsZHMvYjczNTI5OGItYzVlZC00ODU1LWIyOTQtZjkyYWYyOTgxNjlmEnZldXJvcGUtd2VzdDItZG9ja2VyLnBrZy5kZXYvdG90YWxseS12b2NhbGx5L2djZi1hcnRpZmFjdHMvdG90YWxseS0tdm9jYWxseV9fZXVyb3BlLS13ZXN0Ml9fc2V0X21lbWJlcl9hY2Nlc3M6dmVyc2lvbl8xGIzW8fGjFyJJcHJvamVjdHMvdG90YWxseS12b2NhbGx5L2xvY2F0aW9ucy9ldXJvcGUtd2VzdDIvZnVuY3Rpb25zL3NldE1lbWJlckFjY2VzcyoMCI68stQGEJijt9UBMghub2RlanMyMDp3CiNnY3IuaW8vZ2FlLXJ1bnRpbWVzL25vZGVqczIwOnN0YWJsZRJQZXVyb3BlLXdlc3QyLWRvY2tlci5wa2cuZGV2L3NlcnZlcmxlc3MtcnVudGltZXMvZ29vZ2xlLTIyLWZ1bGwvcnVudGltZXMvbm9kZWpzMjBAAQ==","operationType":"UPDATE_FUNCTION","buildName":"projects/799908064012/locations/europe-west2/builds/b735298b-c5ed-4855-b294-f92af298169f"},"done":false}
[debug] [2026-08-24T19:39:59.990Z] Got source token Clhwcm9qZWN0cy83OTk5MDgwNjQwMTIvbG9jYXRpb25zL2V1cm9wZS13ZXN0Mi9idWlsZHMvYjczNTI5OGItYzVlZC00ODU1LWIyOTQtZjkyYWYyOTgxNjlmEnZldXJvcGUtd2VzdDItZG9ja2VyLnBrZy5kZXYvdG90YWxseS12b2NhbGx5L2djZi1hcnRpZmFjdHMvdG90YWxseS0tdm9jYWxseV9fZXVyb3BlLS13ZXN0Ml9fc2V0X21lbWJlcl9hY2Nlc3M6dmVyc2lvbl8xGIzW8fGjFyJJcHJvamVjdHMvdG90YWxseS12b2NhbGx5L2xvY2F0aW9ucy9ldXJvcGUtd2VzdDIvZnVuY3Rpb25zL3NldE1lbWJlckFjY2VzcyoMCI68stQGEJijt9UBMghub2RlanMyMDp3CiNnY3IuaW8vZ2FlLXJ1bnRpbWVzL25vZGVqczIwOnN0YWJsZRJQZXVyb3BlLXdlc3QyLWRvY2tlci5wa2cuZGV2L3NlcnZlcmxlc3MtcnVudGltZXMvZ29vZ2xlLTIyLWZ1bGwvcnVudGltZXMvbm9kZWpzMjBAAQ== for region europe-west2
[debug] [2026-08-24T19:40:09.991Z] [update-default-europe-west2-setMemberAccess] Retrying task index 0
[debug] [2026-08-24T19:40:09.991Z] Checked if tokens are valid: true, expires at: 1787601769678
[debug] [2026-08-24T19:40:09.991Z] Checked if tokens are valid: true, expires at: 1787601769678
[debug] [2026-08-24T19:40:09.992Z] >>> [apiv2][query] GET https://cloudfunctions.googleapis.com/v2/projects/totally-vocally/locations/europe-west2/operations/operation-1787600362508-659d0249b9104-572ca75b-c2c65092 [none]
[debug] [2026-08-24T19:40:10.128Z] <<< [apiv2][status] GET https://cloudfunctions.googleapis.com/v2/projects/totally-vocally/locations/europe-west2/operations/operation-1787600362508-659d0249b9104-572ca75b-c2c65092 200
[debug] [2026-08-24T19:40:10.128Z] <<< [apiv2][body] GET https://cloudfunctions.googleapis.com/v2/projects/totally-vocally/locations/europe-west2/operations/operation-1787600362508-659d0249b9104-572ca75b-c2c65092 {"name":"projects/totally-vocally/locations/europe-west2/operations/operation-1787600362508-659d0249b9104-572ca75b-c2c65092","metadata":{"@type":"type.googleapis.com/google.cloud.functions.v2.OperationMetadata","createTime":"2026-08-24T19:39:23.527834149Z","target":"projects/totally-vocally/locations/europe-west2/functions/setMemberAccess","verb":"update","cancelRequested":false,"apiVersion":"v2","requestResource":{"@type":"type.googleapis.com/google.cloud.functions.v2.Function","name":"projects/totally-vocally/locations/europe-west2/functions/setMemberAccess","buildConfig":{"runtime":"nodejs20","entryPoint":"setMemberAccess","source":{"storageSource":{"bucket":"gcf-v2-sources-799908064012-europe-west2","object":"setMemberAccess/function-source.zip","generation":"1787600363475690"}},"environmentVariables":{"GOOGLE_NODE_RUN_SCRIPTS":""},"dockerRepository":"projects/totally-vocally/locations/europe-west2/repositories/gcf-artifacts","sourceProvenance":{"resolvedStorageSource":{"bucket":"gcf-v2-sources-799908064012-europe-west2","object":"setMemberAccess/function-source.zip","generation":"1787599752205841"}},"dockerRegistry":"ARTIFACT_REGISTRY","serviceAccount":"projects/totally-vocally/serviceAccounts/799908064012-compute@developer.gserviceaccount.com","automaticUpdatePolicy":{}},"serviceConfig":{"service":"projects/totally-vocally/locations/europe-west2/services/setmemberaccess","timeoutSeconds":60,"environmentVariables":{"FIREBASE_CONFIG":"{\"projectId\":\"totally-vocally\",\"storageBucket\":\"totally-vocally.firebasestorage.app\"}","GCLOUD_PROJECT":"totally-vocally","EVENTARC_CLOUD_EVENT_SOURCE":"projects/totally-vocally/locations/europe-west2/services/setMemberAccess","FUNCTION_REGION":"europe-west2","FUNCTION_TARGET":"setMemberAccess","LOG_EXECUTION_ID":"true"},"maxInstanceCount":5,"ingressSettings":"ALLOW_ALL","uri":"https://setmemberaccess-bed777og3q-nw.a.run.app","serviceAccountEmail":"799908064012-compute@developer.gserviceaccount.com","availableMemory":"256Mi","allTrafficOnLatestRevision":true,"revision":"setmemberaccess-00001-rub","maxInstanceRequestConcurrency":80,"availableCpu":"1"},"state":"ACTIVE","labels":{"deployment-tool":"cli-firebase","deployment-callable":"true","firebase-functions-hash":"1fd1dccf17ab3d2224dc5ec20f90d617b6f48726"},"environment":"GEN_2","url":"https://europe-west2-totally-vocally.cloudfunctions.net/setMemberAccess","satisfiesPzs":true,"satisfiesPzi":true},"stages":[{"name":"BUILD","message":"Build finished","state":"COMPLETE","resource":"projects/799908064012/locations/europe-west2/builds/b735298b-c5ed-4855-b294-f92af298169f","resourceUri":"https://console.cloud.google.com/cloud-build/builds;region=europe-west2/b735298b-c5ed-4855-b294-f92af298169f?project=799908064012"},{"name":"SERVICE","message":"Updating Cloud Run service","state":"IN_PROGRESS","resource":"projects/totally-vocally/locations/europe-west2/services/setmemberaccess","resourceUri":"https://console.cloud.google.com/run/detail/europe-west2/setmemberaccess?project=totally-vocally","stateMessages":[{"severity":"INFO","type":"CloudRunServiceNewRevisionTrafficInfo","message":"A new revision will be deployed serving with 100% traffic."}]}],"sourceToken":"Clhwcm9qZWN0cy83OTk5MDgwNjQwMTIvbG9jYXRpb25zL2V1cm9wZS13ZXN0Mi9idWlsZHMvYjczNTI5OGItYzVlZC00ODU1LWIyOTQtZjkyYWYyOTgxNjlmEnZldXJvcGUtd2VzdDItZG9ja2VyLnBrZy5kZXYvdG90YWxseS12b2NhbGx5L2djZi1hcnRpZmFjdHMvdG90YWxseS0tdm9jYWxseV9fZXVyb3BlLS13ZXN0Ml9fc2V0X21lbWJlcl9hY2Nlc3M6dmVyc2lvbl8xGIzW8fGjFyJJcHJvamVjdHMvdG90YWxseS12b2NhbGx5L2xvY2F0aW9ucy9ldXJvcGUtd2VzdDIvZnVuY3Rpb25zL3NldE1lbWJlckFjY2VzcyoMCI68stQGEJijt9UBMghub2RlanMyMDp3CiNnY3IuaW8vZ2FlLXJ1bnRpbWVzL25vZGVqczIwOnN0YWJsZRJQZXVyb3BlLXdlc3QyLWRvY2tlci5wa2cuZGV2L3NlcnZlcmxlc3MtcnVudGltZXMvZ29vZ2xlLTIyLWZ1bGwvcnVudGltZXMvbm9kZWpzMjBAAQ==","operationType":"UPDATE_FUNCTION","buildName":"projects/799908064012/locations/europe-west2/builds/b735298b-c5ed-4855-b294-f92af298169f"},"done":false}
[debug] [2026-08-24T19:40:10.128Z] Got source token Clhwcm9qZWN0cy83OTk5MDgwNjQwMTIvbG9jYXRpb25zL2V1cm9wZS13ZXN0Mi9idWlsZHMvYjczNTI5OGItYzVlZC00ODU1LWIyOTQtZjkyYWYyOTgxNjlmEnZldXJvcGUtd2VzdDItZG9ja2VyLnBrZy5kZXYvdG90YWxseS12b2NhbGx5L2djZi1hcnRpZmFjdHMvdG90YWxseS0tdm9jYWxseV9fZXVyb3BlLS13ZXN0Ml9fc2V0X21lbWJlcl9hY2Nlc3M6dmVyc2lvbl8xGIzW8fGjFyJJcHJvamVjdHMvdG90YWxseS12b2NhbGx5L2xvY2F0aW9ucy9ldXJvcGUtd2VzdDIvZnVuY3Rpb25zL3NldE1lbWJlckFjY2VzcyoMCI68stQGEJijt9UBMghub2RlanMyMDp3CiNnY3IuaW8vZ2FlLXJ1bnRpbWVzL25vZGVqczIwOnN0YWJsZRJQZXVyb3BlLXdlc3QyLWRvY2tlci5wa2cuZGV2L3NlcnZlcmxlc3MtcnVudGltZXMvZ29vZ2xlLTIyLWZ1bGwvcnVudGltZXMvbm9kZWpzMjBAAQ== for region europe-west2
